C++ baseline arm: iqr_cpu_flags_groupby()   (--cpp-impl groupby)
running taxi_d1 ...
running tpch_qty ...
running taxi_d2 ...
running extprice ...
running taxi_d3 ...
running taxi_d4 ...
running sf10 ...

=== END-TO-END, median of 15 warm runs (s), spread = (max-min)/median ===
dataset       rows |     FPGA   ±%      C++   ±%      SQL   ±% |  FPGA/C++  C++/SQL
taxi_d1       3.0M |    0.014   14    0.017   18    0.025   12 |     1.21x    1.47x
tpch_qty      6.0M |    0.021   10    0.033   15    0.031   10 |     1.57x    0.94x
taxi_d2       6.0M |    0.021   10    0.032   16    0.035   17 |     1.52x    1.09x
extprice      6.0M |    0.028    7    0.089   11    0.101   11 |     3.18x    1.13x
taxi_d3      13.1M |    0.040    3    0.058   17    0.058   12 |     1.45x    1.00x
taxi_d4      20.3M |    0.059    7    0.078   27    0.079   11 |     1.32x    1.01x
sf10         60.0M |    0.214    2    0.338   10    0.492   12 |     1.58x    1.46x

=== OPERATOR ONLY (heavy, ms) -- DuckDB emit tax excluded ===
dataset    |  FPGA op   ±%   C++ op   ±% |  FPGA/C++ |   tax F  tax C  tax%
taxi_d1    |      9.9    9     13.1   21 |     1.33x |     4.1    3.9   29%
tpch_qty   |     16.2   13     29.0   16 |     1.79x |     4.8    4.0   23%
taxi_d2    |     16.1    4     28.2   21 |     1.75x |     4.9    3.8   23%
extprice   |     23.2    7     84.7   11 |     3.65x |     4.8    4.3   17%
taxi_d3    |     33.8    3     52.5   21 |     1.55x |     6.2    5.5   16%
taxi_d4    |     50.7    4     71.1   28 |     1.40x |     8.3    6.9   14%
sf10       |    201.2    2    327.4   11 |     1.63x |    12.8   10.6    6%

=== CPU-SECONDS (user, median) ===
dataset    |     FPGA     C++      SQL |  C++/FPGA SQL/FPGA
taxi_d1    |    0.036   0.145    0.314 |     4.05x    8.79x
tpch_qty   |    0.061   0.209    0.511 |     3.42x    8.34x
taxi_d2    |    0.073   0.222    0.551 |     3.03x    7.54x
extprice   |    0.068   0.543    1.711 |     8.04x   25.31x
taxi_d3    |    0.177   0.486    1.091 |     2.74x    6.16x
taxi_d4    |    0.260   0.722    1.602 |     2.78x    6.16x
sf10       |    0.671   2.702   10.844 |     4.03x   16.15x
