C++ baseline arm: iqr_cpu_flags_groupby()   (--cpp-impl groupby)
running taxi_d1 ...
running tpch_qty ...
running taxi_d2 ...
running extprice ...
running taxi_d3 ...
running taxi_d4 ...
running sf10 ...

=== END-TO-END, median of 15 warm runs (s), spread = (max-min)/median ===
dataset       rows |     FPGA   ±%      C++   ±%      SQL   ±% |  FPGA/C++  C++/SQL
taxi_d1       3.0M |    0.014    7    0.016   19    0.025    8 |     1.14x    1.56x
tpch_qty      6.0M |    0.021    5    0.032   22    0.032   13 |     1.52x    1.00x
taxi_d2       6.0M |    0.021   10    0.033   21    0.035   17 |     1.57x    1.06x
extprice      6.0M |    0.028   11    0.089   10    0.100   10 |     3.18x    1.12x
taxi_d3      13.1M |    0.040    8    0.056   18    0.058   17 |     1.40x    1.04x
taxi_d4      20.3M |    0.059    5    0.079   11    0.079    8 |     1.34x    1.00x
sf10         60.0M |    0.214    3    0.327   10    0.490   12 |     1.53x    1.50x

=== OPERATOR ONLY (heavy, ms) -- DuckDB emit tax excluded ===
dataset    |  FPGA op   ±%   C++ op   ±% |  FPGA/C++ |   tax F  tax C  tax%
taxi_d1    |      9.9   10     12.8   26 |     1.29x |     4.1    3.2   29%
tpch_qty   |     16.4    5     27.6   21 |     1.69x |     4.6    4.4   22%
taxi_d2    |     16.4    8     28.8   26 |     1.75x |     4.6    4.2   22%
extprice   |     23.2    8     84.2   11 |     3.62x |     4.8    4.8   17%
taxi_d3    |     33.5    5     51.1   22 |     1.52x |     6.5    4.9   16%
taxi_d4    |     50.5    4     72.8   13 |     1.44x |     8.5    6.2   14%
sf10       |    201.3    2    316.2   11 |     1.57x |    12.7   10.8    6%

=== CPU-SECONDS (user, median) ===
dataset    |     FPGA     C++      SQL |  C++/FPGA SQL/FPGA
taxi_d1    |    0.038   0.149    0.311 |     3.97x    8.26x
tpch_qty   |    0.059   0.206    0.512 |     3.47x    8.62x
taxi_d2    |    0.067   0.222    0.548 |     3.33x    8.22x
extprice   |    0.062   0.533    1.706 |     8.56x   27.40x
taxi_d3    |    0.168   0.476    1.091 |     2.82x    6.48x
taxi_d4    |    0.246   0.707    1.607 |     2.88x    6.54x
sf10       |    0.679   2.692   11.088 |     3.97x   16.33x
