
==================== taxi_d1 (fare_cents) ====================
Run Time (s): real 0.001 user 0.000781 sys 0.000000
Run Time (s): real 0.000 user 0.000183 sys 0.000553
Run Time (s): real 0.023 user 0.157972 sys 0.047053
Run Time (s): real 0.019 user 0.170955 sys 0.021966
Run Time (s): real 0.016 user 0.164471 sys 0.019580
Run Time (s): real 0.015 user 0.159124 sys 0.017391
Run Time (s): real 0.016 user 0.162335 sys 0.013752
Run Time (s): real 0.015 user 0.152120 sys 0.014876
Run Time (s): real 0.017 user 0.173550 sys 0.013042
Run Time (s): real 0.000 user 0.000291 sys 0.000193
Run Time (s): real 0.109 user 0.303174 sys 0.069049
Run Time (s): real 0.079 user 0.283218 sys 0.024811
Run Time (s): real 0.073 user 0.292007 sys 0.014607
Run Time (s): real 0.104 user 0.304367 sys 0.039954
Run Time (s): real 0.088 user 0.296913 sys 0.018610
Run Time (s): real 0.082 user 0.286772 sys 0.021945
Run Time (s): real 0.081 user 0.298528 sys 0.006815
Run Time (s): real 0.000 user 0.000674 sys 0.000000
Run Time (s): real 0.045 user 0.688635 sys 0.008849
Run Time (s): real 0.041 user 0.689342 sys 0.019230
Run Time (s): real 0.040 user 0.661062 sys 0.016346
Run Time (s): real 0.042 user 0.697706 sys 0.010813
Run Time (s): real 0.041 user 0.691263 sys 0.006363
Run Time (s): real 0.044 user 0.682340 sys 0.004697
Run Time (s): real 0.045 user 0.696536 sys 0.010594
Run Time (s): real 0.000 user 0.000437 sys 0.000057
Run Time (s): real 0.027 user 0.310026 sys 0.044988
Run Time (s): real 0.025 user 0.311761 sys 0.025450
Run Time (s): real 0.025 user 0.323764 sys 0.024608
Run Time (s): real 0.024 user 0.311812 sys 0.024560
Run Time (s): real 0.027 user 0.310550 sys 0.042222
Run Time (s): real 0.025 user 0.318585 sys 0.019739
Run Time (s): real 0.026 user 0.312326 sys 0.039297
Run Time (s): real 0.000 user 0.000000 sys 0.000652
Run Time (s): real 0.025 user 0.111977 sys 0.053245
Run Time (s): real 0.018 user 0.108529 sys 0.060994
Run Time (s): real 0.017 user 0.141828 sys 0.018120
Run Time (s): real 0.017 user 0.143672 sys 0.007416
Run Time (s): real 0.017 user 0.142725 sys 0.012060
Run Time (s): real 0.016 user 0.144440 sys 0.006891
Run Time (s): real 0.016 user 0.147899 sys 0.005413

==================== tpch_qty (v) ====================
Run Time (s): real 0.000 user 0.000023 sys 0.000477
Run Time (s): real 0.001 user 0.000765 sys 0.000000
Run Time (s): real 0.025 user 0.290356 sys 0.064978
Run Time (s): real 0.020 user 0.301176 sys 0.019990
Run Time (s): real 0.022 user 0.271338 sys 0.025519
Run Time (s): real 0.022 user 0.286877 sys 0.013466
Run Time (s): real 0.018 user 0.281069 sys 0.011480
Run Time (s): real 0.021 user 0.289411 sys 0.011487
Run Time (s): real 0.020 user 0.290243 sys 0.022805
Run Time (s): real 0.001 user 0.000511 sys 0.000000
Run Time (s): real 0.199 user 0.595676 sys 0.150196
Run Time (s): real 0.174 user 0.583733 sys 0.050624
Run Time (s): real 0.153 user 0.560982 sys 0.029479
Run Time (s): real 0.194 user 0.732270 sys 0.069335
Run Time (s): real 0.161 user 0.598679 sys 0.007632
Run Time (s): real 0.157 user 0.584784 sys 0.018744
Run Time (s): real 0.185 user 0.576629 sys 0.050935
Run Time (s): real 0.001 user 0.000686 sys 0.000000
Run Time (s): real 0.063 user 1.364171 sys 0.019800
Run Time (s): real 0.064 user 1.344534 sys 0.014588
Run Time (s): real 0.070 user 1.357356 sys 0.029175
Run Time (s): real 0.062 user 1.366234 sys 0.014724
Run Time (s): real 0.064 user 1.351559 sys 0.003817
Run Time (s): real 0.063 user 1.381049 sys 0.001864
Run Time (s): real 0.062 user 1.342643 sys 0.019477
Run Time (s): real 0.000 user 0.000443 sys 0.000036
Run Time (s): real 0.031 user 0.497002 sys 0.089052
Run Time (s): real 0.032 user 0.491419 sys 0.067420
Run Time (s): real 0.032 user 0.501767 sys 0.077471
Run Time (s): real 0.032 user 0.515507 sys 0.046365
Run Time (s): real 0.034 user 0.489187 sys 0.059247
Run Time (s): real 0.030 user 0.498619 sys 0.052408
Run Time (s): real 0.031 user 0.505050 sys 0.085841
Run Time (s): real 0.001 user 0.000683 sys 0.000000
Run Time (s): real 0.037 user 0.183056 sys 0.086203
Run Time (s): real 0.038 user 0.215878 sys 0.118471
Run Time (s): real 0.029 user 0.206052 sys 0.098454
Run Time (s): real 0.036 user 0.191107 sys 0.114442
Run Time (s): real 0.033 user 0.211649 sys 0.117179
Run Time (s): real 0.031 user 0.233552 sys 0.089548
Run Time (s): real 0.031 user 0.211133 sys 0.104181

==================== taxi_d2 (fare_cents) ====================
Run Time (s): real 0.001 user 0.000000 sys 0.000561
Run Time (s): real 0.000 user 0.000033 sys 0.000818
Run Time (s): real 0.026 user 0.279618 sys 0.060685
Run Time (s): real 0.022 user 0.288934 sys 0.024772
Run Time (s): real 0.021 user 0.282162 sys 0.020532
Run Time (s): real 0.023 user 0.279049 sys 0.042236
Run Time (s): real 0.024 user 0.310932 sys 0.020978
Run Time (s): real 0.020 user 0.292369 sys 0.027385
Run Time (s): real 0.019 user 0.284692 sys 0.012722
Run Time (s): real 0.001 user 0.000535 sys 0.000000
Run Time (s): real 0.153 user 0.660300 sys 0.137456
Run Time (s): real 0.194 user 0.554957 sys 0.084282
Run Time (s): real 0.158 user 0.586848 sys 0.027230
Run Time (s): real 0.128 user 0.568721 sys 0.014096
Run Time (s): real 0.161 user 0.596984 sys 0.030319
Run Time (s): real 0.154 user 0.587894 sys 0.051992
Run Time (s): real 0.173 user 0.726412 sys 0.072584
Run Time (s): real 0.000 user 0.000562 sys 0.000112
Run Time (s): real 0.065 user 1.363214 sys 0.019633
Run Time (s): real 0.065 user 1.354601 sys 0.006714
Run Time (s): real 0.064 user 1.355732 sys 0.008600
Run Time (s): real 0.067 user 1.361918 sys 0.012656
Run Time (s): real 0.064 user 1.372883 sys 0.006363
Run Time (s): real 0.067 user 1.362697 sys 0.028979
Run Time (s): real 0.066 user 1.350940 sys 0.012312
Run Time (s): real 0.001 user 0.000730 sys 0.000000
Run Time (s): real 0.035 user 0.542983 sys 0.061862
Run Time (s): real 0.036 user 0.555751 sys 0.091356
Run Time (s): real 0.041 user 0.539515 sys 0.084080
Run Time (s): real 0.034 user 0.574800 sys 0.057938
Run Time (s): real 0.038 user 0.540178 sys 0.075217
Run Time (s): real 0.035 user 0.552415 sys 0.041229
Run Time (s): real 0.039 user 0.582015 sys 0.063253
Run Time (s): real 0.001 user 0.000617 sys 0.000000
Run Time (s): real 0.040 user 0.210166 sys 0.119274
Run Time (s): real 0.034 user 0.226918 sys 0.113646
Run Time (s): real 0.033 user 0.223051 sys 0.112018
Run Time (s): real 0.031 user 0.214045 sys 0.108851
Run Time (s): real 0.034 user 0.207591 sys 0.131413
Run Time (s): real 0.037 user 0.215422 sys 0.100746
Run Time (s): real 0.034 user 0.207835 sys 0.117707

==================== tpch_extprice (v) ====================
Run Time (s): real 0.000 user 0.000017 sys 0.000570
Run Time (s): real 0.001 user 0.000000 sys 0.000712
Run Time (s): real 0.033 user 0.384055 sys 0.142743
Run Time (s): real 0.028 user 0.399139 sys 0.069073
Run Time (s): real 0.025 user 0.406742 sys 0.051927
Run Time (s): real 0.027 user 0.404079 sys 0.037256
Run Time (s): real 0.025 user 0.404492 sys 0.045484
Run Time (s): real 0.025 user 0.399604 sys 0.043517
Run Time (s): real 0.027 user 0.400151 sys 0.046479
Run Time (s): real 0.001 user 0.000724 sys 0.000000
Run Time (s): real 0.201 user 0.697477 sys 0.144939
Run Time (s): real 0.195 user 0.661383 sys 0.098952
Run Time (s): real 0.128 user 0.626991 sys 0.050772
Run Time (s): real 0.176 user 0.804336 sys 0.062323
Run Time (s): real 0.158 user 0.660390 sys 0.045818
Run Time (s): real 0.166 user 0.672248 sys 0.057066
Run Time (s): real 0.156 user 0.660920 sys 0.056743
Run Time (s): real 0.001 user 0.000714 sys 0.000000
Run Time (s): real 0.072 user 1.527645 sys 0.045474
Run Time (s): real 0.073 user 1.487027 sys 0.045885
Run Time (s): real 0.071 user 1.552600 sys 0.021150
Run Time (s): real 0.074 user 1.504673 sys 0.026657
Run Time (s): real 0.080 user 1.510581 sys 0.084972
Run Time (s): real 0.074 user 1.520380 sys 0.041553
Run Time (s): real 0.071 user 1.502690 sys 0.041006
Run Time (s): real 0.001 user 0.000701 sys 0.000000
Run Time (s): real 0.115 user 1.616286 sys 0.426863
Run Time (s): real 0.099 user 1.680265 sys 0.184926
Run Time (s): real 0.103 user 1.703316 sys 0.151171
Run Time (s): real 0.098 user 1.749314 sys 0.140180
Run Time (s): real 0.097 user 1.745757 sys 0.115015
Run Time (s): real 0.103 user 1.775639 sys 0.104811
Run Time (s): real 0.099 user 1.764343 sys 0.132690
Run Time (s): real 0.001 user 0.000583 sys 0.000060
Run Time (s): real 0.096 user 0.505702 sys 0.167813
Run Time (s): real 0.085 user 0.520137 sys 0.126648
Run Time (s): real 0.094 user 0.554261 sys 0.145519
Run Time (s): real 0.087 user 0.516108 sys 0.153370
Run Time (s): real 0.092 user 0.545960 sys 0.156400
Run Time (s): real 0.085 user 0.540907 sys 0.168424
Run Time (s): real 0.089 user 0.530963 sys 0.147129

==================== taxi_d3 (fare_cents) ====================
Run Time (s): real 0.001 user 0.000741 sys 0.000000
Run Time (s): real 0.001 user 0.000082 sys 0.000620
Run Time (s): real 0.038 user 0.583465 sys 0.084055
Run Time (s): real 0.034 user 0.625351 sys 0.036747
Run Time (s): real 0.032 user 0.604602 sys 0.023329
Run Time (s): real 0.033 user 0.592957 sys 0.042342
Run Time (s): real 0.035 user 0.592267 sys 0.027218
Run Time (s): real 0.033 user 0.578992 sys 0.018723
Run Time (s): real 0.031 user 0.593177 sys 0.025274
Run Time (s): real 0.000 user 0.000455 sys 0.000098
Run Time (s): real 0.454 user 1.237891 sys 0.292790
Run Time (s): real 0.333 user 1.252118 sys 0.031820
Run Time (s): real 0.439 user 1.618378 sys 0.125456
Run Time (s): real 0.377 user 1.574326 sys 0.102407
Run Time (s): real 0.288 user 1.180348 sys 0.092973
Run Time (s): real 0.385 user 1.228927 sys 0.101462
Run Time (s): real 0.308 user 1.224324 sys 0.031558
Run Time (s): real 0.000 user 0.000600 sys 0.000075
Run Time (s): real 0.128 user 3.010987 sys 0.026403
Run Time (s): real 0.120 user 2.952849 sys 0.020721
Run Time (s): real 0.122 user 2.920278 sys 0.011603
Run Time (s): real 0.123 user 2.955268 sys 0.028471
Run Time (s): real 0.123 user 2.963341 sys 0.020434
Run Time (s): real 0.121 user 2.952078 sys 0.024304
Run Time (s): real 0.128 user 2.980144 sys 0.022379
Run Time (s): real 0.001 user 0.000691 sys 0.000000
Run Time (s): real 0.086 user 1.042630 sys 0.223470
Run Time (s): real 0.057 user 1.029918 sys 0.140041
Run Time (s): real 0.060 user 1.104869 sys 0.146988
Run Time (s): real 0.060 user 1.088356 sys 0.183640
Run Time (s): real 0.057 user 1.089556 sys 0.139198
Run Time (s): real 0.071 user 1.104788 sys 0.109391
Run Time (s): real 0.059 user 1.054291 sys 0.188642
Run Time (s): real 0.001 user 0.000691 sys 0.000000
Run Time (s): real 0.065 user 0.405705 sys 0.277565
Run Time (s): real 0.056 user 0.467966 sys 0.167041
Run Time (s): real 0.055 user 0.454964 sys 0.194810
Run Time (s): real 0.054 user 0.456874 sys 0.187838
Run Time (s): real 0.058 user 0.480306 sys 0.188136
Run Time (s): real 0.058 user 0.484089 sys 0.172309
Run Time (s): real 0.056 user 0.465457 sys 0.189037

==================== taxi_d4 (fare_cents) ====================
Run Time (s): real 0.001 user 0.000654 sys 0.000000
Run Time (s): real 0.000 user 0.000306 sys 0.000461
Run Time (s): real 0.055 user 0.874557 sys 0.108005
Run Time (s): real 0.045 user 0.887067 sys 0.056226
Run Time (s): real 0.044 user 0.869147 sys 0.096085
Run Time (s): real 0.041 user 0.872969 sys 0.049769
Run Time (s): real 0.043 user 0.882638 sys 0.039043
Run Time (s): real 0.042 user 0.870612 sys 0.085951
Run Time (s): real 0.042 user 0.880754 sys 0.046784
Run Time (s): real 0.000 user 0.000635 sys 0.000116
Run Time (s): real 0.671 user 2.393246 sys 0.579692
Run Time (s): real 0.654 user 1.857954 sys 0.301462
Run Time (s): real 0.673 user 1.876786 sys 0.334537
Run Time (s): real 0.623 user 1.876708 sys 0.294073
Run Time (s): real 0.620 user 2.404183 sys 0.265308
Run Time (s): real 0.600 user 2.386430 sys 0.261147
Run Time (s): real 0.685 user 1.873877 sys 0.291637
Run Time (s): real 0.000 user 0.000577 sys 0.000095
Run Time (s): real 0.177 user 4.619319 sys 0.032142
Run Time (s): real 0.178 user 4.653057 sys 0.025845
Run Time (s): real 0.175 user 4.618732 sys 0.031499
Run Time (s): real 0.183 user 4.616767 sys 0.037436
Run Time (s): real 0.176 user 4.629374 sys 0.031185
Run Time (s): real 0.176 user 4.606463 sys 0.041249
Run Time (s): real 0.179 user 4.621578 sys 0.038655
Run Time (s): real 0.001 user 0.000695 sys 0.000000
Run Time (s): real 0.081 user 1.614264 sys 0.302569
Run Time (s): real 0.076 user 1.604751 sys 0.154066
Run Time (s): real 0.082 user 1.578011 sys 0.197345
Run Time (s): real 0.082 user 1.605328 sys 0.227483
Run Time (s): real 0.079 user 1.623550 sys 0.266344
Run Time (s): real 0.081 user 1.643048 sys 0.137932
Run Time (s): real 0.078 user 1.636972 sys 0.124094
Run Time (s): real 0.000 user 0.000632 sys 0.000050
Run Time (s): real 0.098 user 0.613997 sys 0.369668
Run Time (s): real 0.078 user 0.647066 sys 0.219388
Run Time (s): real 0.083 user 0.682692 sys 0.232564
Run Time (s): real 0.084 user 0.700817 sys 0.255986
Run Time (s): real 0.079 user 0.694145 sys 0.246434
Run Time (s): real 0.076 user 0.723668 sys 0.240687
Run Time (s): real 0.080 user 0.709377 sys 0.296185

==================== sf10 (v) ====================
Run Time (s): real 0.001 user 0.000613 sys 0.000000
Run Time (s): real 0.000 user 0.000285 sys 0.000588
Run Time (s): real 0.164 user 3.443224 sys 0.366348
Run Time (s): real 0.148 user 3.402983 sys 0.230376
Run Time (s): real 0.154 user 3.427475 sys 0.255118
Run Time (s): real 0.136 user 3.320073 sys 0.293563
Run Time (s): real 0.137 user 3.432751 sys 0.228900
Run Time (s): real 0.142 user 3.330835 sys 0.265771
Run Time (s): real 0.138 user 3.378217 sys 0.212486
Run Time (s): real 0.001 user 0.000729 sys 0.000000
Run Time (s): real 2.096 user 6.127191 sys 1.749797
Run Time (s): real 2.005 user 8.005515 sys 0.984413
Run Time (s): real 2.114 user 8.468639 sys 0.957263
Run Time (s): real 2.028 user 6.237672 sys 0.876044
Run Time (s): real 1.831 user 6.078212 sys 0.835676
Run Time (s): real 2.005 user 6.432455 sys 0.880788
Run Time (s): real 2.247 user 6.427987 sys 0.918415
Run Time (s): real 0.001 user 0.000897 sys 0.000000
Run Time (s): real 0.504 user 14.795811 sys 0.183794
Run Time (s): real 0.516 user 14.820131 sys 0.230634
Run Time (s): real 0.505 user 14.787758 sys 0.273483
Run Time (s): real 0.514 user 14.973790 sys 0.205568
Run Time (s): real 0.519 user 15.027536 sys 0.235660
Run Time (s): real 0.511 user 14.773208 sys 0.212548
Run Time (s): real 0.502 user 14.851692 sys 0.232633
Run Time (s): real 0.001 user 0.000774 sys 0.000000
Run Time (s): real 0.570 user 10.387811 sys 3.615911
Run Time (s): real 0.505 user 10.556412 sys 2.166619
Run Time (s): real 0.563 user 10.208379 sys 2.176116
Run Time (s): real 0.528 user 11.005574 sys 1.551602
Run Time (s): real 0.498 user 10.904929 sys 1.896863
Run Time (s): real 0.498 user 10.586144 sys 1.747827
Run Time (s): real 0.548 user 10.558452 sys 2.085016
Run Time (s): real 0.001 user 0.001160 sys 0.000017
Run Time (s): real 0.338 user 2.627392 sys 1.409850
Run Time (s): real 0.333 user 2.781614 sys 1.309141
Run Time (s): real 0.335 user 2.699572 sys 1.275619
Run Time (s): real 0.322 user 2.823272 sys 1.294064
Run Time (s): real 0.320 user 2.789980 sys 1.370641
Run Time (s): real 0.358 user 2.681078 sys 1.309286
Run Time (s): real 0.337 user 2.706073 sys 1.219637

==================== done ====================
