C++ baseline arm: iqr_cpu_flags_groupby()   (--cpp-impl groupby)
running taxi_d1 ...
running tpch_qty ...
running taxi_d2 ...
running extprice ...
running taxi_d3 ...
running taxi_d4 ...
running sf10 ...

=== END-TO-END, median of 15 warm runs (s), spread = (max-min)/median ===
dataset       rows |     FPGA   ±%      C++   ±%      SQL   ±% |  FPGA/C++  C++/SQL
taxi_d1       3.0M |    0.014    7    0.017   24    0.025   12 |     1.21x    1.47x
tpch_qty      6.0M |    0.021   10    0.032   28    0.031   16 |     1.52x    0.97x
taxi_d2       6.0M |    0.021   10    0.032   31    0.035   11 |     1.52x    1.09x
extprice      6.0M |    0.028    7    0.090   10    0.101   11 |     3.21x    1.12x
taxi_d3      13.1M |    0.040    8    0.055   16    0.058   21 |     1.38x    1.05x
taxi_d4      20.3M |    0.059    5    0.076   16    0.081   11 |     1.29x    1.07x
sf10         60.0M |    0.213    2    0.327   12    0.485   13 |     1.54x    1.48x

=== OPERATOR ONLY (heavy, ms) -- DuckDB emit tax excluded ===
dataset    |  FPGA op   ±%   C++ op   ±% |  FPGA/C++ |   tax F  tax C  tax%
taxi_d1    |     10.2   11     14.1   33 |     1.39x |     3.8    2.9   27%
tpch_qty   |     16.2    4     27.6   30 |     1.70x |     4.8    4.4   23%
taxi_d2    |     16.2   10     28.2   34 |     1.74x |     4.8    3.8   23%
extprice   |     23.2    4     85.2   12 |     3.68x |     4.8    4.8   17%
taxi_d3    |     33.4    5     49.5   18 |     1.48x |     6.6    5.5   17%
taxi_d4    |     50.6    7     70.0   16 |     1.38x |     8.4    6.0   14%
sf10       |    200.0    2    315.6   12 |     1.58x |    13.0   11.4    6%

=== CPU-SECONDS (user, median) ===
dataset    |     FPGA     C++      SQL |  C++/FPGA SQL/FPGA
taxi_d1    |    0.035   0.134    0.308 |     3.82x    8.79x
tpch_qty   |    0.063   0.212    0.518 |     3.38x    8.27x
taxi_d2    |    0.074   0.227    0.553 |     3.06x    7.45x
extprice   |    0.064   0.541    1.724 |     8.39x   26.74x
taxi_d3    |    0.181   0.484    1.082 |     2.67x    5.96x
taxi_d4    |    0.263   0.733    1.624 |     2.79x    6.18x
sf10       |    0.685   2.728   11.158 |     3.98x   16.29x
