C++ baseline arm: iqr_cpu_flags_groupby()   (--cpp-impl groupby)
running taxi_d1 ...
running tpch_qty ...
running taxi_d2 ...
running extprice ...
running taxi_d3 ...
running taxi_d4 ...
running sf10 ...

=== END-TO-END, median of 15 warm runs (s), spread = (max-min)/median ===
dataset       rows |     FPGA   ±%      C++   ±%      SQL   ±% |  FPGA/C++  C++/SQL
taxi_d1       3.0M |    0.014   14    0.016   19    0.025   16 |     1.14x    1.56x
tpch_qty      6.0M |    0.020   10    0.033   24    0.031   16 |     1.65x    0.94x
taxi_d2       6.0M |    0.020   10    0.032   22    0.035   14 |     1.60x    1.09x
extprice      6.0M |    0.053    2    0.088   15    0.100   12 |     1.66x    1.14x
taxi_d3      13.1M |    0.053    8    0.057   19    0.058    9 |     1.08x    1.02x
taxi_d4      20.3M |    0.076    5    0.077   16    0.080   15 |     1.01x    1.04x
sf10         60.0M |    0.422    1    0.338   11    0.476   11 |     0.80x    1.41x

=== OPERATOR ONLY (heavy, ms) -- DuckDB emit tax excluded ===
dataset    |  FPGA op   ±%   C++ op   ±% |  FPGA/C++ |   tax F  tax C  tax%
taxi_d1    |     10.0   11     12.5   23 |     1.25x |     4.0    3.5   28%
tpch_qty   |     15.2    6     29.0   28 |     1.91x |     4.8    4.0   24%
taxi_d2    |     15.8    6     28.4   23 |     1.79x |     4.2    3.6   21%
extprice   |     47.9    3     83.2   16 |     1.74x |     5.1    4.8   10%
taxi_d3    |     47.7    9     51.8   19 |     1.09x |     5.3    5.2   10%
taxi_d4    |     69.2    5     70.1   17 |     1.01x |     6.8    6.9    9%
sf10       |    408.3    1    327.1   11 |     0.80x |    13.7   10.9    3%

=== CPU-SECONDS (user, median) ===
dataset    |     FPGA     C++      SQL |  C++/FPGA SQL/FPGA
taxi_d1    |    0.032   0.145    0.312 |     4.52x    9.72x
tpch_qty   |    0.040   0.194    0.509 |     4.88x   12.81x
taxi_d2    |    0.056   0.214    0.537 |     3.78x    9.51x
extprice   |    0.049   0.537    1.721 |    11.03x   35.35x
taxi_d3    |    0.095   0.487    1.101 |     5.10x   11.53x
taxi_d4    |    0.143   0.716    1.613 |     4.99x   11.24x
sf10       |    0.298   2.713   11.053 |     9.11x   37.13x
