build-21 e2e sweep -- Sat Aug  8 09:41:10 CEST 2026  node=alveo-u55c-01.inf.ethz.ch  N=15  index=OFF
======================================================================
CONSUME (operator-isolated)
======================================================================
C++ baseline arm: iqr_cpu_flags_groupby()   (--cpp-impl groupby)
running taxi_d1 ...
running tpch_qty ...
running taxi_d2 ...
running extprice ...
running taxi_d3 ...
running taxi_d4 ...
running sf10 ...

=== END-TO-END, median of 15 warm runs (s), spread = (max-min)/median ===
dataset       rows |     FPGA   ±%      C++   ±%      SQL   ±% |  FPGA/C++  C++/SQL
taxi_d1       3.0M |    0.014   14    0.017   24    0.026   12 |     1.21x    1.53x
tpch_qty      6.0M |    0.021   10    0.031   26    0.031   23 |     1.48x    1.00x
taxi_d2       6.0M |    0.021   14    0.033   18    0.035   14 |     1.57x    1.06x
extprice      6.0M |    0.028    4    0.088   12    0.101   13 |     3.14x    1.15x
taxi_d3      13.1M |    0.040    5    0.058   16    0.058   21 |     1.45x    1.00x
taxi_d4      20.3M |    0.059    5    0.077   22    0.081   15 |     1.31x    1.05x
sf10         60.0M |    0.213    2    0.338   10    0.480   10 |     1.59x    1.42x

=== OPERATOR ONLY (heavy, ms) -- DuckDB emit tax excluded ===
dataset    |  FPGA op   ±%   C++ op   ±% |  FPGA/C++ |   tax F  tax C  tax%
taxi_d1    |      9.8   16     13.4   23 |     1.37x |     4.2    3.6   30%
tpch_qty   |     16.4    9     27.8   28 |     1.70x |     4.6    3.2   22%
taxi_d2    |     16.3   11     29.0   19 |     1.78x |     4.7    4.0   22%
extprice   |     23.1    5     83.6   13 |     3.63x |     4.9    4.4   18%
taxi_d3    |     33.4    4     53.0   18 |     1.59x |     6.6    5.0   17%
taxi_d4    |     51.0    4     71.0   23 |     1.39x |     8.0    6.0   14%
sf10       |    199.7    2    327.2   10 |     1.64x |    13.3   10.8    6%

=== CPU-SECONDS (user, median) ===
dataset    |     FPGA     C++      SQL |  C++/FPGA SQL/FPGA
taxi_d1    |    0.037   0.141    0.310 |     3.83x    8.41x
tpch_qty   |    0.067   0.213    0.517 |     3.18x    7.73x
taxi_d2    |    0.073   0.228    0.549 |     3.12x    7.54x
extprice   |    0.068   0.553    1.719 |     8.12x   25.24x
taxi_d3    |    0.178   0.501    1.085 |     2.81x    6.09x
taxi_d4    |    0.264   0.727    1.605 |     2.76x    6.09x
sf10       |    0.687   2.725   11.044 |     3.97x   16.07x

======================================================================
CREATE TABLE (realistic e2e)
======================================================================
C++ baseline arm: iqr_cpu_flags_groupby()   (--cpp-impl groupby)
running taxi_d1 ...
running tpch_qty ...
running taxi_d2 ...
running extprice ...
running taxi_d3 ...
running taxi_d4 ...
running sf10 ...

=== END-TO-END, median of 15 warm runs (s), spread = (max-min)/median ===
dataset       rows |     FPGA   ±%      C++   ±%      SQL   ±% |  FPGA/C++  C++/SQL
taxi_d1       3.0M |    0.034   18    0.037   16    0.055   18 |     1.09x    1.49x
tpch_qty      6.0M |    0.060   10    0.075   27    0.085   15 |     1.25x    1.13x
taxi_d2       6.0M |    0.060   12    0.074   26    0.094   39 |     1.23x    1.27x
extprice      6.0M |    0.068   10    0.138   14    0.155   10 |     2.03x    1.12x
taxi_d3      13.1M |    0.126   11    0.170   22    0.190   10 |     1.35x    1.12x
taxi_d4      20.3M |    0.196   11    0.253   23    0.278   25 |     1.29x    1.10x
sf10         60.0M |    0.635    8    0.741    9    1.061    7 |     1.17x    1.43x

=== OPERATOR ONLY (heavy, ms) -- DuckDB emit tax excluded ===
dataset    |  FPGA op   ±%   C++ op   ±% |  FPGA/C++ |   tax F  tax C  tax%
taxi_d1    |     10.4   14     13.0   25 |     1.25x |    23.6   24.0   69%
tpch_qty   |     16.8    8     28.6   24 |     1.70x |    43.2   46.4   72%
taxi_d2    |     16.8    5     29.1   26 |     1.73x |    43.2   44.9   72%
extprice   |     23.7    5     88.5   14 |     3.74x |    44.3   49.5   65%
taxi_d3    |     34.3    4     53.8   30 |     1.57x |    91.7  116.2   73%
taxi_d4    |     52.2    3     74.8   27 |     1.43x |   143.8  178.2   73%
sf10       |    202.5    4    310.5   11 |     1.53x |   432.5  430.5   68%

=== CPU-SECONDS (user, median) ===
dataset    |     FPGA     C++      SQL |  C++/FPGA SQL/FPGA
taxi_d1    |    0.031   0.144    0.311 |     4.69x   10.14x
tpch_qty   |    0.065   0.219    0.502 |     3.39x    7.75x
taxi_d2    |    0.064   0.230    0.535 |     3.57x    8.30x
extprice   |    0.070   0.538    1.706 |     7.68x   24.34x
taxi_d3    |    0.168   0.492    1.050 |     2.92x    6.24x
taxi_d4    |    0.258   0.731    1.584 |     2.83x    6.14x
sf10       |    0.802   2.898   10.953 |     3.61x   13.65x
