build-21 e2e sweep -- Wed Aug  5 23:27:11 CEST 2026  node=alveo-u55c-01.inf.ethz.ch  N=15  index=OFF
======================================================================
CONSUME (operator-isolated)
======================================================================
C++ baseline arm: iqr_cpu_flags_groupby()   (--cpp-impl groupby)
running taxi_d1 ...
running tpch_qty ...
running taxi_d2 ...
running extprice ...
running taxi_d3 ...
running taxi_d4 ...
running sf10 ...

=== END-TO-END, median of 15 warm runs (s), spread = (max-min)/median ===
dataset       rows |     FPGA   ±%      C++   ±%      SQL   ±% |  FPGA/C++  C++/SQL
taxi_d1       3.0M |    0.014   14    0.016   19    0.025   20 |     1.14x    1.56x
tpch_qty      6.0M |    0.021   10    0.032   16    0.031   16 |     1.52x    0.97x
taxi_d2       6.0M |    0.021   10    0.032   16    0.035    9 |     1.52x    1.09x
extprice      6.0M |    0.028    7    0.089    9    0.101   39 |     3.18x    1.13x
taxi_d3      13.1M |    0.040    8    0.056   14    0.058    9 |     1.40x    1.04x
taxi_d4      20.3M |    0.059    5    0.078   17    0.080    9 |     1.32x    1.03x
sf10         60.0M |    0.214    2    0.332   10    0.495   12 |     1.55x    1.49x

=== OPERATOR ONLY (heavy, ms) -- DuckDB emit tax excluded ===
dataset    |  FPGA op   ±%   C++ op   ±% |  FPGA/C++ |   tax F  tax C  tax%
taxi_d1    |     10.1    9     13.1   21 |     1.30x |     3.9    2.9   28%
tpch_qty   |     16.4    6     27.9   21 |     1.70x |     4.6    4.1   22%
taxi_d2    |     16.2    7     28.0   18 |     1.72x |     4.8    4.0   23%
extprice   |     23.1    9     84.3   10 |     3.65x |     4.9    4.7   18%
taxi_d3    |     33.5    6     50.4   15 |     1.51x |     6.5    5.6   16%
taxi_d4    |     50.5    5     71.7   17 |     1.42x |     8.5    6.3   14%
sf10       |    200.9    2    321.2   10 |     1.60x |    13.1   10.8    6%

=== CPU-SECONDS (user, median) ===
dataset    |     FPGA     C++      SQL |  C++/FPGA SQL/FPGA
taxi_d1    |    0.039   0.146    0.317 |     3.76x    8.17x
tpch_qty   |    0.066   0.206    0.510 |     3.14x    7.76x
taxi_d2    |    0.076   0.231    0.553 |     3.05x    7.30x
extprice   |    0.073   0.551    1.724 |     7.58x   23.70x
taxi_d3    |    0.172   0.494    1.100 |     2.87x    6.39x
taxi_d4    |    0.261   0.747    1.610 |     2.86x    6.17x
sf10       |    0.687   2.697   11.068 |     3.92x   16.11x

======================================================================
CREATE TABLE (realistic e2e)
======================================================================
C++ baseline arm: iqr_cpu_flags_groupby()   (--cpp-impl groupby)
running taxi_d1 ...
running tpch_qty ...
running taxi_d2 ...
running extprice ...
running taxi_d3 ...
running taxi_d4 ...
running sf10 ...

=== END-TO-END, median of 15 warm runs (s), spread = (max-min)/median ===
dataset       rows |     FPGA   ±%      C++   ±%      SQL   ±% |  FPGA/C++  C++/SQL
taxi_d1       3.0M |    0.034   15    0.038   32    0.054   11 |     1.12x    1.42x
tpch_qty      6.0M |    0.061   13    0.074   32    0.086    8 |     1.21x    1.16x
taxi_d2       6.0M |    0.060   12    0.077   30    0.094   12 |     1.28x    1.22x
extprice      6.0M |    0.069   10    0.131   11    0.154    7 |     1.90x    1.18x
taxi_d3      13.1M |    0.125   11    0.171   20    0.185    9 |     1.37x    1.08x
taxi_d4      20.3M |    0.195   10    0.255   22    0.282   20 |     1.31x    1.11x
sf10         60.0M |    0.629    7    0.739    6    1.074   11 |     1.17x    1.45x

=== OPERATOR ONLY (heavy, ms) -- DuckDB emit tax excluded ===
dataset    |  FPGA op   ±%   C++ op   ±% |  FPGA/C++ |   tax F  tax C  tax%
taxi_d1    |     10.7   11     13.2   34 |     1.24x |    23.4   24.8   69%
tpch_qty   |     17.2    8     29.2   23 |     1.70x |    43.8   44.8   72%
taxi_d2    |     16.9    6     29.6   29 |     1.75x |    43.1   47.4   72%
extprice   |     23.9    8     84.4   13 |     3.54x |    45.1   46.6   65%
taxi_d3    |     34.5    2     54.3   13 |     1.58x |    90.5  116.7   72%
taxi_d4    |     52.1    5     77.4   17 |     1.49x |   142.9  177.6   73%
sf10       |    202.0    2    315.6    9 |     1.56x |   427.0  423.4   68%

=== CPU-SECONDS (user, median) ===
dataset    |     FPGA     C++      SQL |  C++/FPGA SQL/FPGA
taxi_d1    |    0.031   0.142    0.311 |     4.58x   10.02x
tpch_qty   |    0.066   0.216    0.501 |     3.25x    7.54x
taxi_d2    |    0.063   0.232    0.537 |     3.68x    8.51x
extprice   |    0.068   0.542    1.712 |     8.03x   25.33x
taxi_d3    |    0.166   0.495    1.057 |     2.99x    6.39x
taxi_d4    |    0.257   0.722    1.595 |     2.81x    6.20x
sf10       |    0.797   2.896   10.882 |     3.63x   13.66x
